Archive member included to satisfy reference by file (symbol)

C:/ti/mspm0_sdk_1_30_00_03/source\ti/driverlib/lib/gcc/m0p/mspm0g1x0x_g3x0x/driverlib.a(dl_common.o)
                              ./epaper_1_54_testing.o (DL_Common_delayCycles)
C:/ti/mspm0_sdk_1_30_00_03/source\ti/driverlib/lib/gcc/m0p/mspm0g1x0x_g3x0x/driverlib.a(dl_spi.o)
                              ./ti_msp_dl_config.o (DL_SPI_init)
C:/ti/gcc_arm_none_eabi_9_2_1/arm-none-eabi/lib/thumb/v6-m/nofp\libc.a(lib_a-init.o)
                              ./startup_mspm0g350x_gcc.o (__libc_init_array)

Allocating common symbols
Common symbol       size              file

gSPI_0Backup        0x28              ./ti_msp_dl_config.o

Discarded input sections

 .text.SPI_Controller_transmitData
                0x00000000       0x2c ./epaper_1_54_testing.o
 .text.SYSCFG_DL_saveConfiguration
                0x00000000       0x14 ./ti_msp_dl_config.o
 .text.SYSCFG_DL_restoreConfiguration
                0x00000000       0x14 ./ti_msp_dl_config.o
 .rodata.I2C0   0x00000000        0x4 C:/ti/mspm0_sdk_1_30_00_03/source\ti/driverlib/lib/gcc/m0p/mspm0g1x0x_g3x0x/driverlib.a(dl_common.o)
 .rodata.SYSCTL
                0x00000000        0x4 C:/ti/mspm0_sdk_1_30_00_03/source\ti/driverlib/lib/gcc/m0p/mspm0g1x0x_g3x0x/driverlib.a(dl_common.o)
 .rodata.WWDT1  0x00000000        0x4 C:/ti/mspm0_sdk_1_30_00_03/source\ti/driverlib/lib/gcc/m0p/mspm0g1x0x_g3x0x/driverlib.a(dl_common.o)
 .rodata.CPUSS  0x00000000        0x4 C:/ti/mspm0_sdk_1_30_00_03/source\ti/driverlib/lib/gcc/m0p/mspm0g1x0x_g3x0x/driverlib.a(dl_common.o)
 .rodata.CANFD0
                0x00000000        0x4 C:/ti/mspm0_sdk_1_30_00_03/source\ti/driverlib/lib/gcc/m0p/mspm0g1x0x_g3x0x/driverlib.a(dl_common.o)
 .rodata.IOMUX  0x00000000        0x4 C:/ti/mspm0_sdk_1_30_00_03/source\ti/driverlib/lib/gcc/m0p/mspm0g1x0x_g3x0x/driverlib.a(dl_common.o)
 .rodata.GPIOB  0x00000000        0x4 C:/ti/mspm0_sdk_1_30_00_03/source\ti/driverlib/lib/gcc/m0p/mspm0g1x0x_g3x0x/driverlib.a(dl_common.o)
 .rodata.CRC    0x00000000        0x4 C:/ti/mspm0_sdk_1_30_00_03/source\ti/driverlib/lib/gcc/m0p/mspm0g1x0x_g3x0x/driverlib.a(dl_common.o)
 .rodata.WWDT0  0x00000000        0x4 C:/ti/mspm0_sdk_1_30_00_03/source\ti/driverlib/lib/gcc/m0p/mspm0g1x0x_g3x0x/driverlib.a(dl_common.o)
 .rodata.SPI1   0x00000000        0x4 C:/ti/mspm0_sdk_1_30_00_03/source\ti/driverlib/lib/gcc/m0p/mspm0g1x0x_g3x0x/driverlib.a(dl_common.o)
 .rodata.DAC0   0x00000000        0x4 C:/ti/mspm0_sdk_1_30_00_03/source\ti/driverlib/lib/gcc/m0p/mspm0g1x0x_g3x0x/driverlib.a(dl_common.o)
 .rodata.I2C1   0x00000000        0x4 C:/ti/mspm0_sdk_1_30_00_03/source\ti/driverlib/lib/gcc/m0p/mspm0g1x0x_g3x0x/driverlib.a(dl_common.o)
 .rodata.GPIOA  0x00000000        0x4 C:/ti/mspm0_sdk_1_30_00_03/source\ti/driverlib/lib/gcc/m0p/mspm0g1x0x_g3x0x/driverlib.a(dl_common.o)
 .rodata.FLASHCTL
                0x00000000        0x4 C:/ti/mspm0_sdk_1_30_00_03/source\ti/driverlib/lib/gcc/m0p/mspm0g1x0x_g3x0x/driverlib.a(dl_common.o)
 .rodata.TRNG   0x00000000        0x4 C:/ti/mspm0_sdk_1_30_00_03/source\ti/driverlib/lib/gcc/m0p/mspm0g1x0x_g3x0x/driverlib.a(dl_common.o)
 .rodata.RTC    0x00000000        0x4 C:/ti/mspm0_sdk_1_30_00_03/source\ti/driverlib/lib/gcc/m0p/mspm0g1x0x_g3x0x/driverlib.a(dl_common.o)
 .rodata.SPI0   0x00000000        0x4 C:/ti/mspm0_sdk_1_30_00_03/source\ti/driverlib/lib/gcc/m0p/mspm0g1x0x_g3x0x/driverlib.a(dl_common.o)
 .rodata.AES    0x00000000        0x4 C:/ti/mspm0_sdk_1_30_00_03/source\ti/driverlib/lib/gcc/m0p/mspm0g1x0x_g3x0x/driverlib.a(dl_common.o)
 .rodata.DMA    0x00000000        0x4 C:/ti/mspm0_sdk_1_30_00_03/source\ti/driverlib/lib/gcc/m0p/mspm0g1x0x_g3x0x/driverlib.a(dl_common.o)
 .rodata.OPA0   0x00000000        0x4 C:/ti/mspm0_sdk_1_30_00_03/source\ti/driverlib/lib/gcc/m0p/mspm0g1x0x_g3x0x/driverlib.a(dl_common.o)
 .rodata.OPA1   0x00000000        0x4 C:/ti/mspm0_sdk_1_30_00_03/source\ti/driverlib/lib/gcc/m0p/mspm0g1x0x_g3x0x/driverlib.a(dl_common.o)
 .rodata.TIMA0  0x00000000        0x4 C:/ti/mspm0_sdk_1_30_00_03/source\ti/driverlib/lib/gcc/m0p/mspm0g1x0x_g3x0x/driverlib.a(dl_common.o)
 .rodata.TIMA1  0x00000000        0x4 C:/ti/mspm0_sdk_1_30_00_03/source\ti/driverlib/lib/gcc/m0p/mspm0g1x0x_g3x0x/driverlib.a(dl_common.o)
 .rodata.UART3  0x00000000        0x4 C:/ti/mspm0_sdk_1_30_00_03/source\ti/driverlib/lib/gcc/m0p/mspm0g1x0x_g3x0x/driverlib.a(dl_common.o)
 .rodata.UART0  0x00000000        0x4 C:/ti/mspm0_sdk_1_30_00_03/source\ti/driverlib/lib/gcc/m0p/mspm0g1x0x_g3x0x/driverlib.a(dl_common.o)
 .rodata.UART1  0x00000000        0x4 C:/ti/mspm0_sdk_1_30_00_03/source\ti/driverlib/lib/gcc/m0p/mspm0g1x0x_g3x0x/driverlib.a(dl_common.o)
 .rodata.UART2  0x00000000        0x4 C:/ti/mspm0_sdk_1_30_00_03/source\ti/driverlib/lib/gcc/m0p/mspm0g1x0x_g3x0x/driverlib.a(dl_common.o)
 .rodata.COMP0  0x00000000        0x4 C:/ti/mspm0_sdk_1_30_00_03/source\ti/driverlib/lib/gcc/m0p/mspm0g1x0x_g3x0x/driverlib.a(dl_common.o)
 .rodata.COMP1  0x00000000        0x4 C:/ti/mspm0_sdk_1_30_00_03/source\ti/driverlib/lib/gcc/m0p/mspm0g1x0x_g3x0x/driverlib.a(dl_common.o)
 .rodata.COMP2  0x00000000        0x4 C:/ti/mspm0_sdk_1_30_00_03/source\ti/driverlib/lib/gcc/m0p/mspm0g1x0x_g3x0x/driverlib.a(dl_common.o)
 .rodata.WUC    0x00000000        0x4 C:/ti/mspm0_sdk_1_30_00_03/source\ti/driverlib/lib/gcc/m0p/mspm0g1x0x_g3x0x/driverlib.a(dl_common.o)
 .rodata.FACTORYREGION
                0x00000000        0x4 C:/ti/mspm0_sdk_1_30_00_03/source\ti/driverlib/lib/gcc/m0p/mspm0g1x0x_g3x0x/driverlib.a(dl_common.o)
 .rodata.ADC0   0x00000000        0x4 C:/ti/mspm0_sdk_1_30_00_03/source\ti/driverlib/lib/gcc/m0p/mspm0g1x0x_g3x0x/driverlib.a(dl_common.o)
 .rodata.ADC0_PERIPHERALREGIONSVT
                0x00000000        0x4 C:/ti/mspm0_sdk_1_30_00_03/source\ti/driverlib/lib/gcc/m0p/mspm0g1x0x_g3x0x/driverlib.a(dl_common.o)
 .rodata.ADC1   0x00000000        0x4 C:/ti/mspm0_sdk_1_30_00_03/source\ti/driverlib/lib/gcc/m0p/mspm0g1x0x_g3x0x/driverlib.a(dl_common.o)
 .rodata.ADC1_PERIPHERALREGIONSVT
                0x00000000        0x4 C:/ti/mspm0_sdk_1_30_00_03/source\ti/driverlib/lib/gcc/m0p/mspm0g1x0x_g3x0x/driverlib.a(dl_common.o)
 .rodata.TIMG0  0x00000000        0x4 C:/ti/mspm0_sdk_1_30_00_03/source\ti/driverlib/lib/gcc/m0p/mspm0g1x0x_g3x0x/driverlib.a(dl_common.o)
 .rodata.VREF   0x00000000        0x4 C:/ti/mspm0_sdk_1_30_00_03/source\ti/driverlib/lib/gcc/m0p/mspm0g1x0x_g3x0x/driverlib.a(dl_common.o)
 .rodata.MATHACL
                0x00000000        0x4 C:/ti/mspm0_sdk_1_30_00_03/source\ti/driverlib/lib/gcc/m0p/mspm0g1x0x_g3x0x/driverlib.a(dl_common.o)
 .rodata.TIMG12
                0x00000000        0x4 C:/ti/mspm0_sdk_1_30_00_03/source\ti/driverlib/lib/gcc/m0p/mspm0g1x0x_g3x0x/driverlib.a(dl_common.o)
 .rodata.TIMG6  0x00000000        0x4 C:/ti/mspm0_sdk_1_30_00_03/source\ti/driverlib/lib/gcc/m0p/mspm0g1x0x_g3x0x/driverlib.a(dl_common.o)
 .rodata.TIMG7  0x00000000        0x4 C:/ti/mspm0_sdk_1_30_00_03/source\ti/driverlib/lib/gcc/m0p/mspm0g1x0x_g3x0x/driverlib.a(dl_common.o)
 .rodata.TIMG8  0x00000000        0x4 C:/ti/mspm0_sdk_1_30_00_03/source\ti/driverlib/lib/gcc/m0p/mspm0g1x0x_g3x0x/driverlib.a(dl_common.o)
 .rodata.DEBUGSS
                0x00000000        0x4 C:/ti/mspm0_sdk_1_30_00_03/source\ti/driverlib/lib/gcc/m0p/mspm0g1x0x_g3x0x/driverlib.a(dl_common.o)
 .rodata.I2C0   0x00000000        0x4 C:/ti/mspm0_sdk_1_30_00_03/source\ti/driverlib/lib/gcc/m0p/mspm0g1x0x_g3x0x/driverlib.a(dl_spi.o)
 .rodata.SYSCTL
                0x00000000        0x4 C:/ti/mspm0_sdk_1_30_00_03/source\ti/driverlib/lib/gcc/m0p/mspm0g1x0x_g3x0x/driverlib.a(dl_spi.o)
 .rodata.WWDT1  0x00000000        0x4 C:/ti/mspm0_sdk_1_30_00_03/source\ti/driverlib/lib/gcc/m0p/mspm0g1x0x_g3x0x/driverlib.a(dl_spi.o)
 .rodata.CPUSS  0x00000000        0x4 C:/ti/mspm0_sdk_1_30_00_03/source\ti/driverlib/lib/gcc/m0p/mspm0g1x0x_g3x0x/driverlib.a(dl_spi.o)
 .rodata.CANFD0
                0x00000000        0x4 C:/ti/mspm0_sdk_1_30_00_03/source\ti/driverlib/lib/gcc/m0p/mspm0g1x0x_g3x0x/driverlib.a(dl_spi.o)
 .rodata.IOMUX  0x00000000        0x4 C:/ti/mspm0_sdk_1_30_00_03/source\ti/driverlib/lib/gcc/m0p/mspm0g1x0x_g3x0x/driverlib.a(dl_spi.o)
 .rodata.GPIOB  0x00000000        0x4 C:/ti/mspm0_sdk_1_30_00_03/source\ti/driverlib/lib/gcc/m0p/mspm0g1x0x_g3x0x/driverlib.a(dl_spi.o)
 .rodata.CRC    0x00000000        0x4 C:/ti/mspm0_sdk_1_30_00_03/source\ti/driverlib/lib/gcc/m0p/mspm0g1x0x_g3x0x/driverlib.a(dl_spi.o)
 .rodata.WWDT0  0x00000000        0x4 C:/ti/mspm0_sdk_1_30_00_03/source\ti/driverlib/lib/gcc/m0p/mspm0g1x0x_g3x0x/driverlib.a(dl_spi.o)
 .rodata.SPI1   0x00000000        0x4 C:/ti/mspm0_sdk_1_30_00_03/source\ti/driverlib/lib/gcc/m0p/mspm0g1x0x_g3x0x/driverlib.a(dl_spi.o)
 .rodata.DAC0   0x00000000        0x4 C:/ti/mspm0_sdk_1_30_00_03/source\ti/driverlib/lib/gcc/m0p/mspm0g1x0x_g3x0x/driverlib.a(dl_spi.o)
 .rodata.I2C1   0x00000000        0x4 C:/ti/mspm0_sdk_1_30_00_03/source\ti/driverlib/lib/gcc/m0p/mspm0g1x0x_g3x0x/driverlib.a(dl_spi.o)
 .rodata.GPIOA  0x00000000        0x4 C:/ti/mspm0_sdk_1_30_00_03/source\ti/driverlib/lib/gcc/m0p/mspm0g1x0x_g3x0x/driverlib.a(dl_spi.o)
 .rodata.FLASHCTL
                0x00000000        0x4 C:/ti/mspm0_sdk_1_30_00_03/source\ti/driverlib/lib/gcc/m0p/mspm0g1x0x_g3x0x/driverlib.a(dl_spi.o)
 .rodata.TRNG   0x00000000        0x4 C:/ti/mspm0_sdk_1_30_00_03/source\ti/driverlib/lib/gcc/m0p/mspm0g1x0x_g3x0x/driverlib.a(dl_spi.o)
 .rodata.RTC    0x00000000        0x4 C:/ti/mspm0_sdk_1_30_00_03/source\ti/driverlib/lib/gcc/m0p/mspm0g1x0x_g3x0x/driverlib.a(dl_spi.o)
 .rodata.SPI0   0x00000000        0x4 C:/ti/mspm0_sdk_1_30_00_03/source\ti/driverlib/lib/gcc/m0p/mspm0g1x0x_g3x0x/driverlib.a(dl_spi.o)
 .rodata.AES    0x00000000        0x4 C:/ti/mspm0_sdk_1_30_00_03/source\ti/driverlib/lib/gcc/m0p/mspm0g1x0x_g3x0x/driverlib.a(dl_spi.o)
 .rodata.DMA    0x00000000        0x4 C:/ti/mspm0_sdk_1_30_00_03/source\ti/driverlib/lib/gcc/m0p/mspm0g1x0x_g3x0x/driverlib.a(dl_spi.o)
 .rodata.OPA0   0x00000000        0x4 C:/ti/mspm0_sdk_1_30_00_03/source\ti/driverlib/lib/gcc/m0p/mspm0g1x0x_g3x0x/driverlib.a(dl_spi.o)
 .rodata.OPA1   0x00000000        0x4 C:/ti/mspm0_sdk_1_30_00_03/source\ti/driverlib/lib/gcc/m0p/mspm0g1x0x_g3x0x/driverlib.a(dl_spi.o)
 .rodata.TIMA0  0x00000000        0x4 C:/ti/mspm0_sdk_1_30_00_03/source\ti/driverlib/lib/gcc/m0p/mspm0g1x0x_g3x0x/driverlib.a(dl_spi.o)
 .rodata.TIMA1  0x00000000        0x4 C:/ti/mspm0_sdk_1_30_00_03/source\ti/driverlib/lib/gcc/m0p/mspm0g1x0x_g3x0x/driverlib.a(dl_spi.o)
 .rodata.UART3  0x00000000        0x4 C:/ti/mspm0_sdk_1_30_00_03/source\ti/driverlib/lib/gcc/m0p/mspm0g1x0x_g3x0x/driverlib.a(dl_spi.o)
 .rodata.UART0  0x00000000        0x4 C:/ti/mspm0_sdk_1_30_00_03/source\ti/driverlib/lib/gcc/m0p/mspm0g1x0x_g3x0x/driverlib.a(dl_spi.o)
 .rodata.UART1  0x00000000        0x4 C:/ti/mspm0_sdk_1_30_00_03/source\ti/driverlib/lib/gcc/m0p/mspm0g1x0x_g3x0x/driverlib.a(dl_spi.o)
 .rodata.UART2  0x00000000        0x4 C:/ti/mspm0_sdk_1_30_00_03/source\ti/driverlib/lib/gcc/m0p/mspm0g1x0x_g3x0x/driverlib.a(dl_spi.o)
 .rodata.COMP0  0x00000000        0x4 C:/ti/mspm0_sdk_1_30_00_03/source\ti/driverlib/lib/gcc/m0p/mspm0g1x0x_g3x0x/driverlib.a(dl_spi.o)
 .rodata.COMP1  0x00000000        0x4 C:/ti/mspm0_sdk_1_30_00_03/source\ti/driverlib/lib/gcc/m0p/mspm0g1x0x_g3x0x/driverlib.a(dl_spi.o)
 .rodata.COMP2  0x00000000        0x4 C:/ti/mspm0_sdk_1_30_00_03/source\ti/driverlib/lib/gcc/m0p/mspm0g1x0x_g3x0x/driverlib.a(dl_spi.o)
 .rodata.WUC    0x00000000        0x4 C:/ti/mspm0_sdk_1_30_00_03/source\ti/driverlib/lib/gcc/m0p/mspm0g1x0x_g3x0x/driverlib.a(dl_spi.o)
 .rodata.FACTORYREGION
                0x00000000        0x4 C:/ti/mspm0_sdk_1_30_00_03/source\ti/driverlib/lib/gcc/m0p/mspm0g1x0x_g3x0x/driverlib.a(dl_spi.o)
 .rodata.ADC0   0x00000000        0x4 C:/ti/mspm0_sdk_1_30_00_03/source\ti/driverlib/lib/gcc/m0p/mspm0g1x0x_g3x0x/driverlib.a(dl_spi.o)
 .rodata.ADC0_PERIPHERALREGIONSVT
                0x00000000        0x4 C:/ti/mspm0_sdk_1_30_00_03/source\ti/driverlib/lib/gcc/m0p/mspm0g1x0x_g3x0x/driverlib.a(dl_spi.o)
 .rodata.ADC1   0x00000000        0x4 C:/ti/mspm0_sdk_1_30_00_03/source\ti/driverlib/lib/gcc/m0p/mspm0g1x0x_g3x0x/driverlib.a(dl_spi.o)
 .rodata.ADC1_PERIPHERALREGIONSVT
                0x00000000        0x4 C:/ti/mspm0_sdk_1_30_00_03/source\ti/driverlib/lib/gcc/m0p/mspm0g1x0x_g3x0x/driverlib.a(dl_spi.o)
 .rodata.TIMG0  0x00000000        0x4 C:/ti/mspm0_sdk_1_30_00_03/source\ti/driverlib/lib/gcc/m0p/mspm0g1x0x_g3x0x/driverlib.a(dl_spi.o)
 .rodata.VREF   0x00000000        0x4 C:/ti/mspm0_sdk_1_30_00_03/source\ti/driverlib/lib/gcc/m0p/mspm0g1x0x_g3x0x/driverlib.a(dl_spi.o)
 .rodata.MATHACL
                0x00000000        0x4 C:/ti/mspm0_sdk_1_30_00_03/source\ti/driverlib/lib/gcc/m0p/mspm0g1x0x_g3x0x/driverlib.a(dl_spi.o)
 .rodata.TIMG12
                0x00000000        0x4 C:/ti/mspm0_sdk_1_30_00_03/source\ti/driverlib/lib/gcc/m0p/mspm0g1x0x_g3x0x/driverlib.a(dl_spi.o)
 .rodata.TIMG6  0x00000000        0x4 C:/ti/mspm0_sdk_1_30_00_03/source\ti/driverlib/lib/gcc/m0p/mspm0g1x0x_g3x0x/driverlib.a(dl_spi.o)
 .rodata.TIMG7  0x00000000        0x4 C:/ti/mspm0_sdk_1_30_00_03/source\ti/driverlib/lib/gcc/m0p/mspm0g1x0x_g3x0x/driverlib.a(dl_spi.o)
 .rodata.TIMG8  0x00000000        0x4 C:/ti/mspm0_sdk_1_30_00_03/source\ti/driverlib/lib/gcc/m0p/mspm0g1x0x_g3x0x/driverlib.a(dl_spi.o)
 .rodata.DEBUGSS
                0x00000000        0x4 C:/ti/mspm0_sdk_1_30_00_03/source\ti/driverlib/lib/gcc/m0p/mspm0g1x0x_g3x0x/driverlib.a(dl_spi.o)
 .text.DL_SPI_enable
                0x00000000       0x24 C:/ti/mspm0_sdk_1_30_00_03/source\ti/driverlib/lib/gcc/m0p/mspm0g1x0x_g3x0x/driverlib.a(dl_spi.o)
 .text.DL_SPI_isTXFIFOFull
                0x00000000       0x24 C:/ti/mspm0_sdk_1_30_00_03/source\ti/driverlib/lib/gcc/m0p/mspm0g1x0x_g3x0x/driverlib.a(dl_spi.o)
 .text.DL_SPI_isRXFIFOEmpty
                0x00000000       0x28 C:/ti/mspm0_sdk_1_30_00_03/source\ti/driverlib/lib/gcc/m0p/mspm0g1x0x_g3x0x/driverlib.a(dl_spi.o)
 .text.DL_SPI_transmitData8
                0x00000000       0x22 C:/ti/mspm0_sdk_1_30_00_03/source\ti/driverlib/lib/gcc/m0p/mspm0g1x0x_g3x0x/driverlib.a(dl_spi.o)
 .text.DL_SPI_transmitData16
                0x00000000       0x22 C:/ti/mspm0_sdk_1_30_00_03/source\ti/driverlib/lib/gcc/m0p/mspm0g1x0x_g3x0x/driverlib.a(dl_spi.o)
 .text.DL_SPI_transmitData32
                0x00000000       0x1c C:/ti/mspm0_sdk_1_30_00_03/source\ti/driverlib/lib/gcc/m0p/mspm0g1x0x_g3x0x/driverlib.a(dl_spi.o)
 .text.DL_SPI_receiveData8
                0x00000000       0x1c C:/ti/mspm0_sdk_1_30_00_03/source\ti/driverlib/lib/gcc/m0p/mspm0g1x0x_g3x0x/driverlib.a(dl_spi.o)
 .text.DL_SPI_receiveData16
                0x00000000       0x1c C:/ti/mspm0_sdk_1_30_00_03/source\ti/driverlib/lib/gcc/m0p/mspm0g1x0x_g3x0x/driverlib.a(dl_spi.o)
 .text.DL_SPI_receiveData32
                0x00000000       0x1c C:/ti/mspm0_sdk_1_30_00_03/source\ti/driverlib/lib/gcc/m0p/mspm0g1x0x_g3x0x/driverlib.a(dl_spi.o)
 .text.DL_SPI_getClockConfig
                0x00000000       0x30 C:/ti/mspm0_sdk_1_30_00_03/source\ti/driverlib/lib/gcc/m0p/mspm0g1x0x_g3x0x/driverlib.a(dl_spi.o)
 .text.DL_SPI_receiveDataBlocking8
                0x00000000       0x28 C:/ti/mspm0_sdk_1_30_00_03/source\ti/driverlib/lib/gcc/m0p/mspm0g1x0x_g3x0x/driverlib.a(dl_spi.o)
 .text.DL_SPI_receiveDataBlocking16
                0x00000000       0x28 C:/ti/mspm0_sdk_1_30_00_03/source\ti/driverlib/lib/gcc/m0p/mspm0g1x0x_g3x0x/driverlib.a(dl_spi.o)
 .text.DL_SPI_receiveDataBlocking32
                0x00000000       0x28 C:/ti/mspm0_sdk_1_30_00_03/source\ti/driverlib/lib/gcc/m0p/mspm0g1x0x_g3x0x/driverlib.a(dl_spi.o)
 .text.DL_SPI_transmitDataBlocking8
                0x00000000       0x32 C:/ti/mspm0_sdk_1_30_00_03/source\ti/driverlib/lib/gcc/m0p/mspm0g1x0x_g3x0x/driverlib.a(dl_spi.o)
 .text.DL_SPI_transmitDataBlocking16
                0x00000000       0x32 C:/ti/mspm0_sdk_1_30_00_03/source\ti/driverlib/lib/gcc/m0p/mspm0g1x0x_g3x0x/driverlib.a(dl_spi.o)
 .text.DL_SPI_transmitDataBlocking32
                0x00000000       0x2c C:/ti/mspm0_sdk_1_30_00_03/source\ti/driverlib/lib/gcc/m0p/mspm0g1x0x_g3x0x/driverlib.a(dl_spi.o)
 .text.DL_SPI_receiveDataCheck8
                0x00000000       0x46 C:/ti/mspm0_sdk_1_30_00_03/source\ti/driverlib/lib/gcc/m0p/mspm0g1x0x_g3x0x/driverlib.a(dl_spi.o)
 .text.DL_SPI_receiveDataCheck16
                0x00000000       0x46 C:/ti/mspm0_sdk_1_30_00_03/source\ti/driverlib/lib/gcc/m0p/mspm0g1x0x_g3x0x/driverlib.a(dl_spi.o)
 .text.DL_SPI_receiveDataCheck32
                0x00000000       0x44 C:/ti/mspm0_sdk_1_30_00_03/source\ti/driverlib/lib/gcc/m0p/mspm0g1x0x_g3x0x/driverlib.a(dl_spi.o)
 .text.DL_SPI_transmitDataCheck8
                0x00000000       0x48 C:/ti/mspm0_sdk_1_30_00_03/source\ti/driverlib/lib/gcc/m0p/mspm0g1x0x_g3x0x/driverlib.a(dl_spi.o)
 .text.DL_SPI_transmitDataCheck16
                0x00000000       0x48 C:/ti/mspm0_sdk_1_30_00_03/source\ti/driverlib/lib/gcc/m0p/mspm0g1x0x_g3x0x/driverlib.a(dl_spi.o)
 .text.DL_SPI_transmitDataCheck32
                0x00000000       0x42 C:/ti/mspm0_sdk_1_30_00_03/source\ti/driverlib/lib/gcc/m0p/mspm0g1x0x_g3x0x/driverlib.a(dl_spi.o)
 .text.DL_SPI_drainRXFIFO8
                0x00000000       0x56 C:/ti/mspm0_sdk_1_30_00_03/source\ti/driverlib/lib/gcc/m0p/mspm0g1x0x_g3x0x/driverlib.a(dl_spi.o)
 .text.DL_SPI_drainRXFIFO16
                0x00000000       0x58 C:/ti/mspm0_sdk_1_30_00_03/source\ti/driverlib/lib/gcc/m0p/mspm0g1x0x_g3x0x/driverlib.a(dl_spi.o)
 .text.DL_SPI_drainRXFIFO32
                0x00000000       0x58 C:/ti/mspm0_sdk_1_30_00_03/source\ti/driverlib/lib/gcc/m0p/mspm0g1x0x_g3x0x/driverlib.a(dl_spi.o)
 .text.DL_SPI_fillTXFIFO8
                0x00000000       0x56 C:/ti/mspm0_sdk_1_30_00_03/source\ti/driverlib/lib/gcc/m0p/mspm0g1x0x_g3x0x/driverlib.a(dl_spi.o)
 .text.DL_SPI_fillTXFIFO16
                0x00000000       0x58 C:/ti/mspm0_sdk_1_30_00_03/source\ti/driverlib/lib/gcc/m0p/mspm0g1x0x_g3x0x/driverlib.a(dl_spi.o)
 .text.DL_SPI_saveConfiguration
                0x00000000       0xc4 C:/ti/mspm0_sdk_1_30_00_03/source\ti/driverlib/lib/gcc/m0p/mspm0g1x0x_g3x0x/driverlib.a(dl_spi.o)
 .text.DL_SPI_restoreConfiguration
                0x00000000       0xc8 C:/ti/mspm0_sdk_1_30_00_03/source\ti/driverlib/lib/gcc/m0p/mspm0g1x0x_g3x0x/driverlib.a(dl_spi.o)
 .text.DL_SPI_fillTXFIFO32
                0x00000000       0x58 C:/ti/mspm0_sdk_1_30_00_03/source\ti/driverlib/lib/gcc/m0p/mspm0g1x0x_g3x0x/driverlib.a(dl_spi.o)

Memory Configuration

Name             Origin             Length             Attributes
FLASH            0x00000000         0x00020000         xr
SRAM             0x20200000         0x00008000         xrw
BCR_CONFIG       0x41c00000         0x00000080         r
BSL_CONFIG       0x41c00100         0x00000080         r
*default*        0x00000000         0xffffffff

Linker script and memory map

LOAD ./epaper_1_54_testing.o
LOAD ./ti_msp_dl_config.o
LOAD ./startup_mspm0g350x_gcc.o
                0x00000000                _Min_Heap_Size = 0x0
                0x00000080                _Min_Stack_Size = 0x80
                0x00000000                PROVIDE (_intvecs_base_address = DEFINED (_intvecs_base_address)?_intvecs_base_address:0x0)

.intvecs        0x00000000       0xc0
 *(.intvecs)
 .intvecs       0x00000000       0xc0 ./startup_mspm0g350x_gcc.o
                0x00000000                interruptVectors
                0x20200000                PROVIDE (_vtable_base_address = DEFINED (_vtable_base_address)?_vtable_base_address:0x20200000)

.vtable
 *(.vtable)

.text           0x000000c0      0x400
 CREATE_OBJECT_SYMBOLS
 *(.text)
 .text          0x000000c0        0x0 ./epaper_1_54_testing.o
 .text          0x000000c0        0x0 ./ti_msp_dl_config.o
 .text          0x000000c0        0x0 ./startup_mspm0g350x_gcc.o
 .text          0x000000c0        0x0 C:/ti/mspm0_sdk_1_30_00_03/source\ti/driverlib/lib/gcc/m0p/mspm0g1x0x_g3x0x/driverlib.a(dl_common.o)
 .text          0x000000c0        0x0 C:/ti/mspm0_sdk_1_30_00_03/source\ti/driverlib/lib/gcc/m0p/mspm0g1x0x_g3x0x/driverlib.a(dl_spi.o)
 .text          0x000000c0        0x0 C:/ti/gcc_arm_none_eabi_9_2_1/arm-none-eabi/lib/thumb/v6-m/nofp\libc.a(lib_a-init.o)
                0x000000c0                . = ALIGN (0x8)
 *(.text.*)
 .text.SPI_Controller_transmitCommand
                0x000000c0       0x50 ./epaper_1_54_testing.o
                0x000000c0                SPI_Controller_transmitCommand
 .text.startup.main
                0x00000110       0xb8 ./epaper_1_54_testing.o
                0x00000110                main
 .text.SYSCFG_DL_initPower
                0x000001c8       0x3c ./ti_msp_dl_config.o
                0x000001c8                SYSCFG_DL_initPower
 .text.SYSCFG_DL_GPIO_init
                0x00000204       0x38 ./ti_msp_dl_config.o
                0x00000204                SYSCFG_DL_GPIO_init
 .text.SYSCFG_DL_SYSCTL_init
                0x0000023c       0x3c ./ti_msp_dl_config.o
                0x0000023c                SYSCFG_DL_SYSCTL_init
 .text.SYSCFG_DL_SPI_0_init
                0x00000278       0x70 ./ti_msp_dl_config.o
                0x00000278                SYSCFG_DL_SPI_0_init
 .text.SYSCFG_DL_init
                0x000002e8       0x20 ./ti_msp_dl_config.o
                0x000002e8                SYSCFG_DL_init
 .text.Default_Handler
                0x00000308        0x4 ./startup_mspm0g350x_gcc.o
                0x00000308                TIMG6_IRQHandler
                0x00000308                TIMG8_IRQHandler
                0x00000308                I2C0_IRQHandler
                0x00000308                HardFault_Handler
                0x00000308                SysTick_Handler
                0x00000308                PendSV_Handler
                0x00000308                NMI_Handler
                0x00000308                I2C1_IRQHandler
                0x00000308                UART1_IRQHandler
                0x00000308                TIMA1_IRQHandler
                0x00000308                UART0_IRQHandler
                0x00000308                ADC0_IRQHandler
                0x00000308                SPI1_IRQHandler
                0x00000308                TIMG0_IRQHandler
                0x00000308                ADC1_IRQHandler
                0x00000308                GROUP1_IRQHandler
                0x00000308                RTC_IRQHandler
                0x00000308                GROUP0_IRQHandler
                0x00000308                UART2_IRQHandler
                0x00000308                Default_Handler
                0x00000308                SVC_Handler
                0x00000308                TIMG12_IRQHandler
                0x00000308                DAC0_IRQHandler
                0x00000308                TIMG7_IRQHandler
                0x00000308                SPI0_IRQHandler
                0x00000308                AES_IRQHandler
                0x00000308                DMA_IRQHandler
                0x00000308                TIMA0_IRQHandler
                0x00000308                UART3_IRQHandler
                0x00000308                CANFD0_IRQHandler
 .text.Reset_Handler
                0x0000030c       0x8c ./startup_mspm0g350x_gcc.o
                0x0000030c                Reset_Handler
 .text.initStub
                0x00000398        0x4 ./startup_mspm0g350x_gcc.o
                0x00000398                initStub
                0x00000398                _init
 .text.DL_Common_delayCycles
                0x0000039c       0x1c C:/ti/mspm0_sdk_1_30_00_03/source\ti/driverlib/lib/gcc/m0p/mspm0g1x0x_g3x0x/driverlib.a(dl_common.o)
                0x0000039c                DL_Common_delayCycles
 .text.DL_Common_updateReg
                0x000003b8       0x32 C:/ti/mspm0_sdk_1_30_00_03/source\ti/driverlib/lib/gcc/m0p/mspm0g1x0x_g3x0x/driverlib.a(dl_spi.o)
 *fill*         0x000003ea        0x2 
 .text.DL_SPI_init
                0x000003ec       0x60 C:/ti/mspm0_sdk_1_30_00_03/source\ti/driverlib/lib/gcc/m0p/mspm0g1x0x_g3x0x/driverlib.a(dl_spi.o)
                0x000003ec                DL_SPI_init
 .text.DL_SPI_setClockConfig
                0x0000044c       0x30 C:/ti/mspm0_sdk_1_30_00_03/source\ti/driverlib/lib/gcc/m0p/mspm0g1x0x_g3x0x/driverlib.a(dl_spi.o)
                0x0000044c                DL_SPI_setClockConfig
 .text.__libc_init_array
                0x0000047c       0x44 C:/ti/gcc_arm_none_eabi_9_2_1/arm-none-eabi/lib/thumb/v6-m/nofp\libc.a(lib_a-init.o)
                0x0000047c                __libc_init_array
                0x000004c0                . = ALIGN (0x8)
 *(.ctors)
                0x000004c0                . = ALIGN (0x8)
 *(.dtors)
                0x000004c0                . = ALIGN (0x8)
 *(.init)
                0x000004c0                . = ALIGN (0x8)
 *(.fini*)
                0x000004c0                . = ALIGN (0x8)

.glue_7         0x000004c0        0x0
 .glue_7        0x000004c0        0x0 linker stubs

.glue_7t        0x000004c0        0x0
 .glue_7t       0x000004c0        0x0 linker stubs

.vfp11_veneer   0x000004c0        0x0
 .vfp11_veneer  0x000004c0        0x0 linker stubs

.v4_bx          0x000004c0        0x0
 .v4_bx         0x000004c0        0x0 linker stubs

.iplt           0x000004c0        0x0
 .iplt          0x000004c0        0x0 ./epaper_1_54_testing.o

.ramfunc        0x20200000        0x0 load address 0x000004c0
                0x000004c0                __ramfunct_load__ = LOADADDR (.ramfunc)
                0x20200000                __ramfunct_start__ = .
 *(.ramfunc)
                0x20200000                . = ALIGN (0x8)
                0x20200000                __ramfunct_end__ = .

.rodata         0x000004c0       0x10
 *(.rodata)
                0x000004c0                . = ALIGN (0x8)
 *(.rodata.*)
 .rodata.gSPI_0_clockConfig
                0x000004c0        0x2 ./ti_msp_dl_config.o
 *fill*         0x000004c2        0x2 
 .rodata.gSPI_0_config
                0x000004c4        0xa ./ti_msp_dl_config.o
                0x000004d0                . = ALIGN (0x8)
 *fill*         0x000004ce        0x2 

.rel.dyn        0x000004d0        0x0
 .rel.iplt      0x000004d0        0x0 ./epaper_1_54_testing.o

.preinit_array  0x000004d0        0x0
                0x000004d0                PROVIDE (__preinit_array_start = .)
 *(.preinit_array*)
                0x000004d0                PROVIDE (__preinit_array_end = .)

.init_array     0x000004d0        0x0
                0x000004d0                . = ALIGN (0x8)
                0x000004d0                PROVIDE (__init_array_start = .)
 *(SORT_BY_NAME(.init_array.*))
 *(.init_array*)
                0x000004d0                PROVIDE (__init_array_end = .)

.fini_array     0x000004d0        0x0
                0x000004d0                . = ALIGN (0x8)
                [!provide]                PROVIDE (__fini_array_start = .)
 *(SORT_BY_NAME(.fini_array.*))
 *(.fini_array*)
                [!provide]                PROVIDE (__fini_array_end = .)
                0x000004d0                . = ALIGN (0x8)

.ARM.exidx      0x000004d0        0x0
                0x000004d0                __exidx_start = .
 *(.ARM.exidx* .gnu.linkonce.armexidx.*)
                0x000004d0                __exidx_end = .

.ARM.extab      0x000004d0        0x0
                0x000004d0                . = ALIGN (0x8)
 *(.ARM.extab* .gnu.linkonce.armextab.*)
                0x000004d0                . = ALIGN (0x8)
                0x000004d0                __etext = .

.data           0x20200000       0x20 load address 0x000004d0
                0x000004d0                __data_load__ = LOADADDR (.data)
                0x20200000                __data_start__ = .
 *(.data)
 .data          0x20200000        0x0 ./epaper_1_54_testing.o
 .data          0x20200000        0x0 ./ti_msp_dl_config.o
 .data          0x20200000        0x0 ./startup_mspm0g350x_gcc.o
 .data          0x20200000        0x0 C:/ti/mspm0_sdk_1_30_00_03/source\ti/driverlib/lib/gcc/m0p/mspm0g1x0x_g3x0x/driverlib.a(dl_common.o)
 .data          0x20200000        0x0 C:/ti/mspm0_sdk_1_30_00_03/source\ti/driverlib/lib/gcc/m0p/mspm0g1x0x_g3x0x/driverlib.a(dl_spi.o)
 .data          0x20200000        0x0 C:/ti/gcc_arm_none_eabi_9_2_1/arm-none-eabi/lib/thumb/v6-m/nofp\libc.a(lib_a-init.o)
 *(.data*)
 .data.gCmdType0Buffer
                0x20200000        0x1 ./epaper_1_54_testing.o
                0x20200000                gCmdType0Buffer
 *fill*         0x20200001        0x3 
 .data.gCmdType1Buffer
                0x20200004        0x3 ./epaper_1_54_testing.o
                0x20200004                gCmdType1Buffer
 *fill*         0x20200007        0x1 
 .data.gCmdType2Buffer
                0x20200008        0x5 ./epaper_1_54_testing.o
                0x20200008                gCmdType2Buffer
 *fill*         0x2020000d        0x3 
 .data.gDataType1Buffer
                0x20200010        0x3 ./epaper_1_54_testing.o
                0x20200010                gDataType1Buffer
 *fill*         0x20200013        0x1 
 .data.gDataType2Buffer
                0x20200014        0xa ./epaper_1_54_testing.o
                0x20200014                gDataType2Buffer
                0x20200020                . = ALIGN (0x8)
 *fill*         0x2020001e        0x2 
                0x20200020                __data_end__ = .

.igot.plt       0x20200020        0x0 load address 0x000004f0
 .igot.plt      0x20200020        0x0 ./epaper_1_54_testing.o

.bss            0x20200020       0x28
                0x20200020                __bss_start__ = .
 *(.shbss)
 *(.bss)
 .bss           0x20200020        0x0 ./epaper_1_54_testing.o
 .bss           0x20200020        0x0 ./ti_msp_dl_config.o
 .bss           0x20200020        0x0 ./startup_mspm0g350x_gcc.o
 .bss           0x20200020        0x0 C:/ti/mspm0_sdk_1_30_00_03/source\ti/driverlib/lib/gcc/m0p/mspm0g1x0x_g3x0x/driverlib.a(dl_common.o)
 .bss           0x20200020        0x0 C:/ti/mspm0_sdk_1_30_00_03/source\ti/driverlib/lib/gcc/m0p/mspm0g1x0x_g3x0x/driverlib.a(dl_spi.o)
 .bss           0x20200020        0x0 C:/ti/gcc_arm_none_eabi_9_2_1/arm-none-eabi/lib/thumb/v6-m/nofp\libc.a(lib_a-init.o)
 *(.bss.*)
 *(COMMON)
 COMMON         0x20200020       0x28 ./ti_msp_dl_config.o
                0x20200020                gSPI_0Backup
                0x20200048                . = ALIGN (0x8)
                0x20200048                __bss_end__ = .

.noinit         0x20200048        0x0
 *(*.noinit*)
                0x20200048                . = ALIGN (0x8)

.heap           0x20200048        0x0
                0x20200048                __heap_start__ = .
                0x20200048                end = __heap_start__
                0x20200048                _end = end
                0x20200048                __end = end
 *(.heap)
                0x20200048                __heap_end__ = .
                0x20200048                __HeapLimit = __heap_end__

.stack          0x20200048        0x0
                0x20200048                _stack = .
 *(.stack)

.BCRConfig
 *(.BCRConfig)

.BSLConfig
 *(.BSLConfig)
                0x20208000                __StackTop = (ORIGIN (REGION_STACK) + LENGTH (REGION_STACK))
                [!provide]                PROVIDE (__stack = __StackTop)
LOAD C:/ti/mspm0_sdk_1_30_00_03/source\ti/driverlib/lib/gcc/m0p/mspm0g1x0x_g3x0x/driverlib.a
LOAD c:/ti/gcc_arm_none_eabi_9_2_1/bin/../lib/gcc/arm-none-eabi/9.2.1/thumb/v6-m/nofp\libgcc.a
LOAD C:/ti/gcc_arm_none_eabi_9_2_1/arm-none-eabi/lib/thumb/v6-m/nofp\libc.a
LOAD C:/ti/gcc_arm_none_eabi_9_2_1/arm-none-eabi/lib/thumb/v6-m/nofp\libm.a
LOAD C:/ti/gcc_arm_none_eabi_9_2_1/arm-none-eabi/lib/thumb/v6-m/nofp\libnosys.a
START GROUP
LOAD c:/ti/gcc_arm_none_eabi_9_2_1/bin/../lib/gcc/arm-none-eabi/9.2.1/thumb/v6-m/nofp\libgcc.a
LOAD C:/ti/gcc_arm_none_eabi_9_2_1/arm-none-eabi/lib/thumb/v6-m/nofp\libg.a
LOAD C:/ti/gcc_arm_none_eabi_9_2_1/arm-none-eabi/lib/thumb/v6-m/nofp\libc.a
END GROUP
OUTPUT(epaper_1_54_testing.out elf32-littlearm)

.debug_info     0x00000000     0xe0bb
 .debug_info    0x00000000     0x6b86 ./epaper_1_54_testing.o
 .debug_info    0x00006b86     0x7379 ./ti_msp_dl_config.o
 .debug_info    0x0000deff      0x1bc ./startup_mspm0g350x_gcc.o

.debug_abbrev   0x00000000      0x75b
 .debug_abbrev  0x00000000      0x334 ./epaper_1_54_testing.o
 .debug_abbrev  0x00000334      0x340 ./ti_msp_dl_config.o
 .debug_abbrev  0x00000674       0xe7 ./startup_mspm0g350x_gcc.o

.debug_loc      0x00000000      0x104
 .debug_loc     0x00000000       0xcb ./epaper_1_54_testing.o
 .debug_loc     0x000000cb       0x26 ./ti_msp_dl_config.o
 .debug_loc     0x000000f1       0x13 ./startup_mspm0g350x_gcc.o

.debug_aranges  0x00000000       0xb0
 .debug_aranges
                0x00000000       0x30 ./epaper_1_54_testing.o
 .debug_aranges
                0x00000030       0x50 ./ti_msp_dl_config.o
 .debug_aranges
                0x00000080       0x30 ./startup_mspm0g350x_gcc.o

.debug_ranges   0x00000000      0x350
 .debug_ranges  0x00000000      0x188 ./epaper_1_54_testing.o
 .debug_ranges  0x00000188      0x1a8 ./ti_msp_dl_config.o
 .debug_ranges  0x00000330       0x20 ./startup_mspm0g350x_gcc.o

.debug_line     0x00000000      0xfff
 .debug_line    0x00000000      0x6e3 ./epaper_1_54_testing.o
 .debug_line    0x000006e3      0x751 ./ti_msp_dl_config.o
 .debug_line    0x00000e34      0x1cb ./startup_mspm0g350x_gcc.o

.debug_str      0x00000000     0x3036
 .debug_str     0x00000000     0x20ad ./epaper_1_54_testing.o
                               0x21fe (size before relaxing)
 .debug_str     0x000020ad      0xe4c ./ti_msp_dl_config.o
                               0x2f2b (size before relaxing)
 .debug_str     0x00002ef9      0x13d ./startup_mspm0g350x_gcc.o
                                0x2d9 (size before relaxing)

.comment        0x00000000       0x79
 .comment       0x00000000       0x79 ./epaper_1_54_testing.o
                                 0x7a (size before relaxing)
 .comment       0x00000079       0x7a ./ti_msp_dl_config.o
 .comment       0x00000079       0x7a ./startup_mspm0g350x_gcc.o
 .comment       0x00000079       0x7a C:/ti/mspm0_sdk_1_30_00_03/source\ti/driverlib/lib/gcc/m0p/mspm0g1x0x_g3x0x/driverlib.a(dl_common.o)
 .comment       0x00000079       0x7a C:/ti/mspm0_sdk_1_30_00_03/source\ti/driverlib/lib/gcc/m0p/mspm0g1x0x_g3x0x/driverlib.a(dl_spi.o)

.ARM.attributes
                0x00000000       0x2c
 .ARM.attributes
                0x00000000       0x2b ./epaper_1_54_testing.o
 .ARM.attributes
                0x0000002b       0x2b ./ti_msp_dl_config.o
 .ARM.attributes
                0x00000056       0x2b ./startup_mspm0g350x_gcc.o
 .ARM.attributes
                0x00000081       0x2b C:/ti/mspm0_sdk_1_30_00_03/source\ti/driverlib/lib/gcc/m0p/mspm0g1x0x_g3x0x/driverlib.a(dl_common.o)
 .ARM.attributes
                0x000000ac       0x2b C:/ti/mspm0_sdk_1_30_00_03/source\ti/driverlib/lib/gcc/m0p/mspm0g1x0x_g3x0x/driverlib.a(dl_spi.o)
 .ARM.attributes
                0x000000d7       0x2c C:/ti/gcc_arm_none_eabi_9_2_1/arm-none-eabi/lib/thumb/v6-m/nofp\libc.a(lib_a-init.o)

.debug_frame    0x00000000      0x18c
 .debug_frame   0x00000000       0x6c ./epaper_1_54_testing.o
 .debug_frame   0x0000006c       0xac ./ti_msp_dl_config.o
 .debug_frame   0x00000118       0x48 ./startup_mspm0g350x_gcc.o
 .debug_frame   0x00000160       0x2c C:/ti/gcc_arm_none_eabi_9_2_1/arm-none-eabi/lib/thumb/v6-m/nofp\libc.a(lib_a-init.o)
